// Jest Snapshot v1, https://goo.gl/fbAQLP

exports[`Test Popup 1`] = `
<section
  className="sc-htpNat dDTzPz"
>
  <section
    className="sc-bxivhb iZMisd"
  >
    <div
      className="sc-EHOje LUNcQ"
    >
      <div>
        test
      </div>
      
      
      
    </div>
    <a
      className="sc-bwzfXH eBwlJa"
      id="cd-popup__button_close"
      onClick={[Function]}
      role="button"
    >
      close
    </a>
    <a
      className="sc-bdVaJa hiblcO"
      id="cd-popup__button_confirm"
      onClick={[Function]}
      role="button"
    >
      confirm
    </a>
    <a
      className="sc-bwzfXH eBwlJa"
      id="cd-popup__button_cancel"
      onClick={[Function]}
      role="button"
    >
      cancel
    </a>
  </section>
</section>
`;
